------------------------------------------------------------
TimeQuest Timing Analyzer Summary
------------------------------------------------------------

Type  : Slow Model Setup 'PLL:pll|altpll:altpll_component|_clk1'
Slack : -117.506
TNS   : -6747.266

Type  : Slow Model Setup 'PLL:pll|altpll:altpll_component|_clk0'
Slack : 3.035
TNS   : 0.000

Type  : Slow Model Setup 'CLOCK_50'
Slack : 19.137
TNS   : 0.000

Type  : Slow Model Hold 'PLL:pll|altpll:altpll_component|_clk0'
Slack : 0.445
TNS   : 0.000

Type  : Slow Model Hold 'PLL:pll|altpll:altpll_component|_clk1'
Slack : 0.445
TNS   : 0.000

Type  : Slow Model Hold 'CLOCK_50'
Slack : 0.615
TNS   : 0.000

Type  : Slow Model Recovery 'PLL:pll|altpll:altpll_component|_clk0'
Slack : 2.972
TNS   : 0.000

Type  : Slow Model Recovery 'PLL:pll|altpll:altpll_component|_clk1'
Slack : 12.305
TNS   : 0.000

Type  : Slow Model Removal 'PLL:pll|altpll:altpll_component|_clk1'
Slack : 6.763
TNS   : 0.000

Type  : Slow Model Removal 'PLL:pll|altpll:altpll_component|_clk0'
Slack : 6.779
TNS   : 0.000

Type  : Slow Model Minimum Pulse Width 'PLL:pll|altpll:altpll_component|_clk0'
Slack : 3.889
TNS   : 0.000

Type  : Slow Model Minimum Pulse Width 'PLL:pll|altpll:altpll_component|_clk1'
Slack : 7.693
TNS   : 0.000

Type  : Slow Model Minimum Pulse Width 'CLOCK_50'
Slack : 8.889
TNS   : 0.000

Type  : Fast Model Setup 'PLL:pll|altpll:altpll_component|_clk1'
Slack : -33.860
TNS   : -1586.155

Type  : Fast Model Setup 'PLL:pll|altpll:altpll_component|_clk0'
Slack : 6.323
TNS   : 0.000

Type  : Fast Model Setup 'CLOCK_50'
Slack : 19.642
TNS   : 0.000

Type  : Fast Model Hold 'PLL:pll|altpll:altpll_component|_clk0'
Slack : 0.215
TNS   : 0.000

Type  : Fast Model Hold 'PLL:pll|altpll:altpll_component|_clk1'
Slack : 0.215
TNS   : 0.000

Type  : Fast Model Hold 'CLOCK_50'
Slack : 0.238
TNS   : 0.000

Type  : Fast Model Recovery 'PLL:pll|altpll:altpll_component|_clk0'
Slack : 5.596
TNS   : 0.000

Type  : Fast Model Recovery 'PLL:pll|altpll:altpll_component|_clk1'
Slack : 15.366
TNS   : 0.000

Type  : Fast Model Removal 'PLL:pll|altpll:altpll_component|_clk1'
Slack : 4.270
TNS   : 0.000

Type  : Fast Model Removal 'PLL:pll|altpll:altpll_component|_clk0'
Slack : 4.282
TNS   : 0.000

Type  : Fast Model Minimum Pulse Width 'PLL:pll|altpll:altpll_component|_clk0'
Slack : 4.000
TNS   : 0.000

Type  : Fast Model Minimum Pulse Width 'PLL:pll|altpll:altpll_component|_clk1'
Slack : 7.981
TNS   : 0.000

Type  : Fast Model Minimum Pulse Width 'CLOCK_50'
Slack : 9.000
TNS   : 0.000

------------------------------------------------------------
