------------------------------------------------------------
TimeQuest Timing Analyzer Summary
------------------------------------------------------------

Type  : Slow Model Setup 'PLL:pll|altpll:altpll_component|_clk0'
Slack : 2.939
TNS   : 0.000

Type  : Slow Model Setup 'PLL:pll|altpll:altpll_component|_clk1'
Slack : 6.524
TNS   : 0.000

Type  : Slow Model Setup 'CLOCK_50'
Slack : 18.981
TNS   : 0.000

Type  : Slow Model Hold 'PLL:pll|altpll:altpll_component|_clk0'
Slack : 0.445
TNS   : 0.000

Type  : Slow Model Hold 'PLL:pll|altpll:altpll_component|_clk1'
Slack : 0.445
TNS   : 0.000

Type  : Slow Model Hold 'CLOCK_50'
Slack : 0.771
TNS   : 0.000

Type  : Slow Model Recovery 'PLL:pll|altpll:altpll_component|_clk0'
Slack : 3.533
TNS   : 0.000

Type  : Slow Model Recovery 'PLL:pll|altpll:altpll_component|_clk1'
Slack : 13.533
TNS   : 0.000

Type  : Slow Model Removal 'PLL:pll|altpll:altpll_component|_clk0'
Slack : 6.219
TNS   : 0.000

Type  : Slow Model Removal 'PLL:pll|altpll:altpll_component|_clk1'
Slack : 6.219
TNS   : 0.000

Type  : Slow Model Minimum Pulse Width 'PLL:pll|altpll:altpll_component|_clk0'
Slack : 3.889
TNS   : 0.000

Type  : Slow Model Minimum Pulse Width 'CLOCK_50'
Slack : 8.889
TNS   : 0.000

Type  : Slow Model Minimum Pulse Width 'PLL:pll|altpll:altpll_component|_clk1'
Slack : 8.889
TNS   : 0.000

Type  : Fast Model Setup 'PLL:pll|altpll:altpll_component|_clk0'
Slack : 6.496
TNS   : 0.000

Type  : Fast Model Setup 'PLL:pll|altpll:altpll_component|_clk1'
Slack : 8.579
TNS   : 0.000

Type  : Fast Model Setup 'CLOCK_50'
Slack : 19.550
TNS   : 0.000

Type  : Fast Model Hold 'PLL:pll|altpll:altpll_component|_clk0'
Slack : 0.215
TNS   : 0.000

Type  : Fast Model Hold 'PLL:pll|altpll:altpll_component|_clk1'
Slack : 0.215
TNS   : 0.000

Type  : Fast Model Hold 'CLOCK_50'
Slack : 0.330
TNS   : 0.000

Type  : Fast Model Recovery 'PLL:pll|altpll:altpll_component|_clk0'
Slack : 5.863
TNS   : 0.000

Type  : Fast Model Recovery 'PLL:pll|altpll:altpll_component|_clk1'
Slack : 15.862
TNS   : 0.000

Type  : Fast Model Removal 'PLL:pll|altpll:altpll_component|_clk0'
Slack : 4.017
TNS   : 0.000

Type  : Fast Model Removal 'PLL:pll|altpll:altpll_component|_clk1'
Slack : 4.018
TNS   : 0.000

Type  : Fast Model Minimum Pulse Width 'PLL:pll|altpll:altpll_component|_clk0'
Slack : 4.000
TNS   : 0.000

Type  : Fast Model Minimum Pulse Width 'CLOCK_50'
Slack : 9.000
TNS   : 0.000

Type  : Fast Model Minimum Pulse Width 'PLL:pll|altpll:altpll_component|_clk1'
Slack : 9.000
TNS   : 0.000

------------------------------------------------------------
